// Vitest Snapshot v1, https://vitest.dev/guide/snapshot.html

exports[`renders the title and data when the query is successful 1`] = `
<div>
  <main>
    <div
      class="mt-4 flex"
    >
      <div
        class="flex flex-col"
      >
        <h1
          class="css-9lrcch"
        >
          Overview
        </h1>
      </div>
    </div>
    <div
      class="mt-4"
    >
      <div
        class="sm:-mx-6 lg:-mx-8"
      >
        <section
          class="inline-block min-w-full max-w-full py-2 align-middle sm:px-6 lg:px-8"
        >
          <h2
            class="css-13yts7e"
          >
            Summary
          </h2>
          <div
            class="grid grid-cols-3 gap-4 mb-8"
          >
            <div
              class="css-kt11ky"
            >
              <div
                class="flex items-start "
              >
                <h3
                  class="css-1hpno4e"
                >
                  Performances (24h)
                </h3>
                <a
                  class="leading-7 text-gray-400 mx-1 font-medium text-xs px-2"
                  href="/transactions"
                >
                  <svg
                    aria-hidden="true"
                    class="h-3 w-3 inline-block"
                    data-slot="icon"
                    fill="none"
                    stroke="currentColor"
                    stroke-width="1.5"
                    viewBox="0 0 24 24"
                    xmlns="http://www.w3.org/2000/svg"
                  >
                    <path
                      d="M13.5 6H5.25A2.25 2.25 0 0 0 3 8.25v10.5A2.25 2.25 0 0 0 5.25 21h10.5A2.25 2.25 0 0 0 18 18.75V10.5m-10.5 6L21 3m0 0h-5.25M21 3v5.25"
                      stroke-linecap="round"
                      stroke-linejoin="round"
                    />
                  </svg>
                  details
                </a>
              </div>
              <div>
                <div
                  class="flex self-center relative z-10"
                >
                  <span
                    class="bg-teal-400 ring-1 ring-white css-1ubanwl"
                    title="score: 100"
                  >
                    A++
                    <div
                      class="text-xs font-normal text-right"
                    >
                      24h average
                    </div>
                  </span>
                </div>
                <svg
                  preserveAspectRatio="none"
                  style="margin: -3px; position: absolute; bottom: 0px; left: 0px; z-index: 0; border-top: 1px dashed #E5E7EB;"
                  viewBox="0 0 240 60"
                >
                  <g>
                    <circle
                      cx="2"
                      cy="2"
                      r="2"
                      style="stroke: none; stroke-width: 0; fill-opacity: .1; fill: #ADD8E6; pointer-events: auto;"
                    />
                    <circle
                      cx="12.26086956521739"
                      cy="11.520000000000001"
                      r="2"
                      style="stroke: none; stroke-width: 0; fill-opacity: .1; fill: #ADD8E6; pointer-events: auto;"
                    />
                    <circle
                      cx="22.52173913043478"
                      cy="6.48"
                      r="2"
                      style="stroke: none; stroke-width: 0; fill-opacity: .1; fill: #ADD8E6; pointer-events: auto;"
                    />
                    <circle
                      cx="32.78260869565217"
                      cy="9.280000000000001"
                      r="2"
                      style="stroke: none; stroke-width: 0; fill-opacity: .1; fill: #ADD8E6; pointer-events: auto;"
                    />
                    <circle
                      cx="43.04347826086956"
                      cy="8.72"
                      r="2"
                      style="stroke: none; stroke-width: 0; fill-opacity: .1; fill: #ADD8E6; pointer-events: auto;"
                    />
                    <circle
                      cx="53.30434782608695"
                      cy="4.800000000000001"
                      r="2"
                      style="stroke: none; stroke-width: 0; fill-opacity: .1; fill: #ADD8E6; pointer-events: auto;"
                    />
                    <circle
                      cx="63.565217391304344"
                      cy="8.72"
                      r="2"
                      style="stroke: none; stroke-width: 0; fill-opacity: .1; fill: #ADD8E6; pointer-events: auto;"
                    />
                    <circle
                      cx="73.82608695652173"
                      cy="9.280000000000001"
                      r="2"
                      style="stroke: none; stroke-width: 0; fill-opacity: .1; fill: #ADD8E6; pointer-events: auto;"
                    />
                    <circle
                      cx="84.08695652173913"
                      cy="6.48"
                      r="2"
                      style="stroke: none; stroke-width: 0; fill-opacity: .1; fill: #ADD8E6; pointer-events: auto;"
                    />
                    <circle
                      cx="94.34782608695652"
                      cy="11.520000000000001"
                      r="2"
                      style="stroke: none; stroke-width: 0; fill-opacity: .1; fill: #ADD8E6; pointer-events: auto;"
                    />
                    <circle
                      cx="104.6086956521739"
                      cy="2"
                      r="2"
                      style="stroke: none; stroke-width: 0; fill-opacity: .1; fill: #ADD8E6; pointer-events: auto;"
                    />
                    <circle
                      cx="114.8695652173913"
                      cy="11.520000000000001"
                      r="2"
                      style="stroke: none; stroke-width: 0; fill-opacity: .1; fill: #ADD8E6; pointer-events: auto;"
                    />
                    <circle
                      cx="125.13043478260869"
                      cy="6.48"
                      r="2"
                      style="stroke: none; stroke-width: 0; fill-opacity: .1; fill: #ADD8E6; pointer-events: auto;"
                    />
                    <circle
                      cx="135.39130434782606"
                      cy="9.280000000000001"
                      r="2"
                      style="stroke: none; stroke-width: 0; fill-opacity: .1; fill: #ADD8E6; pointer-events: auto;"
                    />
                    <circle
                      cx="145.65217391304347"
                      cy="8.72"
                      r="2"
                      style="stroke: none; stroke-width: 0; fill-opacity: .1; fill: #ADD8E6; pointer-events: auto;"
                    />
                    <circle
                      cx="155.91304347826087"
                      cy="4.800000000000001"
                      r="2"
                      style="stroke: none; stroke-width: 0; fill-opacity: .1; fill: #ADD8E6; pointer-events: auto;"
                    />
                    <circle
                      cx="166.17391304347825"
                      cy="8.72"
                      r="2"
                      style="stroke: none; stroke-width: 0; fill-opacity: .1; fill: #ADD8E6; pointer-events: auto;"
                    />
                    <circle
                      cx="176.43478260869563"
                      cy="9.280000000000001"
                      r="2"
                      style="stroke: none; stroke-width: 0; fill-opacity: .1; fill: #ADD8E6; pointer-events: auto;"
                    />
                    <circle
                      cx="186.69565217391303"
                      cy="6.48"
                      r="2"
                      style="stroke: none; stroke-width: 0; fill-opacity: .1; fill: #ADD8E6; pointer-events: auto;"
                    />
                    <circle
                      cx="196.95652173913044"
                      cy="11.520000000000001"
                      r="2"
                      style="stroke: none; stroke-width: 0; fill-opacity: .1; fill: #ADD8E6; pointer-events: auto;"
                    />
                    <circle
                      cx="207.2173913043478"
                      cy="2"
                      r="2"
                      style="stroke: none; stroke-width: 0; fill-opacity: .1; fill: #ADD8E6; pointer-events: auto;"
                    />
                    <circle
                      cx="217.4782608695652"
                      cy="11.520000000000001"
                      r="2"
                      style="stroke: none; stroke-width: 0; fill-opacity: .1; fill: #ADD8E6; pointer-events: auto;"
                    />
                    <circle
                      cx="227.7391304347826"
                      cy="6.48"
                      r="2"
                      style="stroke: none; stroke-width: 0; fill-opacity: .1; fill: #ADD8E6; pointer-events: auto;"
                    />
                    <circle
                      cx="238"
                      cy="9.280000000000001"
                      r="2"
                      style="stroke: none; stroke-width: 0; fill-opacity: .1; fill: #ADD8E6; pointer-events: auto;"
                    />
                    <polyline
                      points="2 2 12.26086956521739 11.520000000000001 22.52173913043478 6.48 32.78260869565217 9.280000000000001 43.04347826086956 8.72 53.30434782608695 4.800000000000001 63.565217391304344 8.72 73.82608695652173 9.280000000000001 84.08695652173913 6.48 94.34782608695652 11.520000000000001 104.6086956521739 2 114.8695652173913 11.520000000000001 125.13043478260869 6.48 135.39130434782606 9.280000000000001 145.65217391304347 8.72 155.91304347826087 4.800000000000001 166.17391304347825 8.72 176.43478260869563 9.280000000000001 186.69565217391303 6.48 196.95652173913044 11.520000000000001 207.2173913043478 2 217.4782608695652 11.520000000000001 227.7391304347826 6.48 238 9.280000000000001 238 58 2 58 2 2"
                      style="stroke: none; stroke-width: 0; fill-opacity: .1; fill: #ADD8E6; pointer-events: auto;"
                    />
                    <polyline
                      points="2 2 12.26086956521739 11.520000000000001 22.52173913043478 6.48 32.78260869565217 9.280000000000001 43.04347826086956 8.72 53.30434782608695 4.800000000000001 63.565217391304344 8.72 73.82608695652173 9.280000000000001 84.08695652173913 6.48 94.34782608695652 11.520000000000001 104.6086956521739 2 114.8695652173913 11.520000000000001 125.13043478260869 6.48 135.39130434782606 9.280000000000001 145.65217391304347 8.72 155.91304347826087 4.800000000000001 166.17391304347825 8.72 176.43478260869563 9.280000000000001 186.69565217391303 6.48 196.95652173913044 11.520000000000001 207.2173913043478 2 217.4782608695652 11.520000000000001 227.7391304347826 6.48 238 9.280000000000001"
                      style="stroke: #ADD8E6; stroke-width: 1; stroke-linejoin: round; stroke-linecap: round; fill: none;"
                    />
                  </g>
                  <g>
                    <circle
                      cx="238"
                      cy="9.280000000000001"
                      r="2"
                      style="fill: #ADD8E6;"
                    />
                  </g>
                </svg>
                <div
                  class="absolute right-0 bottom-0 flex flex-col items-end"
                  style="height: -3px;"
                >
                  <span
                    class="bg-teal-400 opacity-50 border-2 border-white css-1ty0yov"
                    title="score: 100"
                  >
                    A++
                  </span>
                  <div
                    class="grow"
                  />
                  <span
                    class="bg-red-700 opacity-50 border-2 border-white css-1ty0yov"
                    title="score: 0"
                  >
                    G
                  </span>
                </div>
              </div>
            </div>
            <div
              class="css-kt11ky"
            >
              <div
                class="flex items-start "
              >
                <h3
                  class="css-1hpno4e"
                >
                  Transactions (24h)
                </h3>
                <a
                  class="leading-7 text-gray-400 mx-1 font-medium text-xs px-2"
                  href="/transactions"
                >
                  <svg
                    aria-hidden="true"
                    class="h-3 w-3 inline-block"
                    data-slot="icon"
                    fill="none"
                    stroke="currentColor"
                    stroke-width="1.5"
                    viewBox="0 0 24 24"
                    xmlns="http://www.w3.org/2000/svg"
                  >
                    <path
                      d="M13.5 6H5.25A2.25 2.25 0 0 0 3 8.25v10.5A2.25 2.25 0 0 0 5.25 21h10.5A2.25 2.25 0 0 0 18 18.75V10.5m-10.5 6L21 3m0 0h-5.25M21 3v5.25"
                      stroke-linecap="round"
                      stroke-linejoin="round"
                    />
                  </svg>
                  details
                </a>
              </div>
              <div>
                <div
                  class="flex flex-col self-center relative z-10 items-start"
                >
                  <span
                    class="bg-white ring-1 ring-blue-200 css-9yiat4"
                    color="black"
                  >
                    56
                     
                    <span
                      class="font-light"
                    >
                      /
                      min
                    </span>
                    <div
                      class="text-xs font-normal text-gray-500 text-right"
                    >
                      24h average
                    </div>
                  </span>
                </div>
                <svg
                  preserveAspectRatio="none"
                  style="margin: -3px; position: absolute; bottom: 0px; left: 0px; z-index: 0;"
                  viewBox="0 0 240 60"
                >
                  <g>
                    <circle
                      cx="2"
                      cy="17.11111111111111"
                      r="2"
                      style="stroke: none; stroke-width: 0; fill-opacity: .1; fill: #ADD8E6; pointer-events: auto;"
                    />
                    <circle
                      cx="12.26086956521739"
                      cy="2"
                      r="2"
                      style="stroke: none; stroke-width: 0; fill-opacity: .1; fill: #ADD8E6; pointer-events: auto;"
                    />
                    <circle
                      cx="22.52173913043478"
                      cy="10"
                      r="2"
                      style="stroke: none; stroke-width: 0; fill-opacity: .1; fill: #ADD8E6; pointer-events: auto;"
                    />
                    <circle
                      cx="32.78260869565217"
                      cy="5.555555555555555"
                      r="2"
                      style="stroke: none; stroke-width: 0; fill-opacity: .1; fill: #ADD8E6; pointer-events: auto;"
                    />
                    <circle
                      cx="43.04347826086956"
                      cy="6.444444444444445"
                      r="2"
                      style="stroke: none; stroke-width: 0; fill-opacity: .1; fill: #ADD8E6; pointer-events: auto;"
                    />
                    <circle
                      cx="53.30434782608695"
                      cy="12.666666666666666"
                      r="2"
                      style="stroke: none; stroke-width: 0; fill-opacity: .1; fill: #ADD8E6; pointer-events: auto;"
                    />
                    <circle
                      cx="63.565217391304344"
                      cy="6.444444444444445"
                      r="2"
                      style="stroke: none; stroke-width: 0; fill-opacity: .1; fill: #ADD8E6; pointer-events: auto;"
                    />
                    <circle
                      cx="73.82608695652173"
                      cy="5.555555555555555"
                      r="2"
                      style="stroke: none; stroke-width: 0; fill-opacity: .1; fill: #ADD8E6; pointer-events: auto;"
                    />
                    <circle
                      cx="84.08695652173913"
                      cy="10"
                      r="2"
                      style="stroke: none; stroke-width: 0; fill-opacity: .1; fill: #ADD8E6; pointer-events: auto;"
                    />
                    <circle
                      cx="94.34782608695652"
                      cy="2"
                      r="2"
                      style="stroke: none; stroke-width: 0; fill-opacity: .1; fill: #ADD8E6; pointer-events: auto;"
                    />
                    <circle
                      cx="104.6086956521739"
                      cy="17.11111111111111"
                      r="2"
                      style="stroke: none; stroke-width: 0; fill-opacity: .1; fill: #ADD8E6; pointer-events: auto;"
                    />
                    <circle
                      cx="114.8695652173913"
                      cy="2"
                      r="2"
                      style="stroke: none; stroke-width: 0; fill-opacity: .1; fill: #ADD8E6; pointer-events: auto;"
                    />
                    <circle
                      cx="125.13043478260869"
                      cy="10"
                      r="2"
                      style="stroke: none; stroke-width: 0; fill-opacity: .1; fill: #ADD8E6; pointer-events: auto;"
                    />
                    <circle
                      cx="135.39130434782606"
                      cy="5.555555555555555"
                      r="2"
                      style="stroke: none; stroke-width: 0; fill-opacity: .1; fill: #ADD8E6; pointer-events: auto;"
                    />
                    <circle
                      cx="145.65217391304347"
                      cy="6.444444444444445"
                      r="2"
                      style="stroke: none; stroke-width: 0; fill-opacity: .1; fill: #ADD8E6; pointer-events: auto;"
                    />
                    <circle
                      cx="155.91304347826087"
                      cy="12.666666666666666"
                      r="2"
                      style="stroke: none; stroke-width: 0; fill-opacity: .1; fill: #ADD8E6; pointer-events: auto;"
                    />
                    <circle
                      cx="166.17391304347825"
                      cy="6.444444444444445"
                      r="2"
                      style="stroke: none; stroke-width: 0; fill-opacity: .1; fill: #ADD8E6; pointer-events: auto;"
                    />
                    <circle
                      cx="176.43478260869563"
                      cy="5.555555555555555"
                      r="2"
                      style="stroke: none; stroke-width: 0; fill-opacity: .1; fill: #ADD8E6; pointer-events: auto;"
                    />
                    <circle
                      cx="186.69565217391303"
                      cy="10"
                      r="2"
                      style="stroke: none; stroke-width: 0; fill-opacity: .1; fill: #ADD8E6; pointer-events: auto;"
                    />
                    <circle
                      cx="196.95652173913044"
                      cy="2"
                      r="2"
                      style="stroke: none; stroke-width: 0; fill-opacity: .1; fill: #ADD8E6; pointer-events: auto;"
                    />
                    <circle
                      cx="207.2173913043478"
                      cy="17.11111111111111"
                      r="2"
                      style="stroke: none; stroke-width: 0; fill-opacity: .1; fill: #ADD8E6; pointer-events: auto;"
                    />
                    <circle
                      cx="217.4782608695652"
                      cy="2"
                      r="2"
                      style="stroke: none; stroke-width: 0; fill-opacity: .1; fill: #ADD8E6; pointer-events: auto;"
                    />
                    <circle
                      cx="227.7391304347826"
                      cy="10"
                      r="2"
                      style="stroke: none; stroke-width: 0; fill-opacity: .1; fill: #ADD8E6; pointer-events: auto;"
                    />
                    <circle
                      cx="238"
                      cy="5.555555555555555"
                      r="2"
                      style="stroke: none; stroke-width: 0; fill-opacity: .1; fill: #ADD8E6; pointer-events: auto;"
                    />
                    <polyline
                      points="2 17.11111111111111 12.26086956521739 2 22.52173913043478 10 32.78260869565217 5.555555555555555 43.04347826086956 6.444444444444445 53.30434782608695 12.666666666666666 63.565217391304344 6.444444444444445 73.82608695652173 5.555555555555555 84.08695652173913 10 94.34782608695652 2 104.6086956521739 17.11111111111111 114.8695652173913 2 125.13043478260869 10 135.39130434782606 5.555555555555555 145.65217391304347 6.444444444444445 155.91304347826087 12.666666666666666 166.17391304347825 6.444444444444445 176.43478260869563 5.555555555555555 186.69565217391303 10 196.95652173913044 2 207.2173913043478 17.11111111111111 217.4782608695652 2 227.7391304347826 10 238 5.555555555555555 238 58 2 58 2 17.11111111111111"
                      style="stroke: none; stroke-width: 0; fill-opacity: .1; fill: #ADD8E6; pointer-events: auto;"
                    />
                    <polyline
                      points="2 17.11111111111111 12.26086956521739 2 22.52173913043478 10 32.78260869565217 5.555555555555555 43.04347826086956 6.444444444444445 53.30434782608695 12.666666666666666 63.565217391304344 6.444444444444445 73.82608695652173 5.555555555555555 84.08695652173913 10 94.34782608695652 2 104.6086956521739 17.11111111111111 114.8695652173913 2 125.13043478260869 10 135.39130434782606 5.555555555555555 145.65217391304347 6.444444444444445 155.91304347826087 12.666666666666666 166.17391304347825 6.444444444444445 176.43478260869563 5.555555555555555 186.69565217391303 10 196.95652173913044 2 207.2173913043478 17.11111111111111 217.4782608695652 2 227.7391304347826 10 238 5.555555555555555"
                      style="stroke: #ADD8E6; stroke-width: 1; stroke-linejoin: round; stroke-linecap: round; fill: none;"
                    />
                  </g>
                  <g>
                    <circle
                      cx="238"
                      cy="5.555555555555555"
                      r="2"
                      style="fill: #ADD8E6;"
                    />
                  </g>
                </svg>
              </div>
            </div>
            <div
              class="css-kt11ky"
            >
              <div
                class="flex items-start "
              >
                <h3
                  class="css-1hpno4e"
                >
                  Errors (24h)
                </h3>
                <a
                  class="leading-7 text-gray-400 mx-1 font-medium text-xs px-2"
                  href="/transactions?status=5xx&status=ERR"
                >
                  <svg
                    aria-hidden="true"
                    class="h-3 w-3 inline-block"
                    data-slot="icon"
                    fill="none"
                    stroke="currentColor"
                    stroke-width="1.5"
                    viewBox="0 0 24 24"
                    xmlns="http://www.w3.org/2000/svg"
                  >
                    <path
                      d="M13.5 6H5.25A2.25 2.25 0 0 0 3 8.25v10.5A2.25 2.25 0 0 0 5.25 21h10.5A2.25 2.25 0 0 0 18 18.75V10.5m-10.5 6L21 3m0 0h-5.25M21 3v5.25"
                      stroke-linecap="round"
                      stroke-linejoin="round"
                    />
                  </svg>
                  details
                </a>
              </div>
              <div>
                <div
                  class="flex flex-col self-center relative z-10 items-start"
                >
                  <span
                    class="bg-white ring-1 ring-red-200 css-9yiat4"
                    color="black"
                  >
                    11
                     
                    <span
                      class="font-light"
                    >
                      /
                      min
                    </span>
                    <div
                      class="text-xs font-normal text-gray-500 text-right"
                    >
                      24h average
                    </div>
                  </span>
                </div>
                <svg
                  preserveAspectRatio="none"
                  style="margin: -3px; position: absolute; bottom: 0px; left: 0px; z-index: 0;"
                  viewBox="0 0 240 60"
                >
                  <g>
                    <circle
                      cx="2"
                      cy="34"
                      r="2"
                      style="stroke: none; stroke-width: 0; fill-opacity: .1; fill: #e6b3ad; pointer-events: auto;"
                    />
                    <circle
                      cx="12.26086956521739"
                      cy="6"
                      r="2"
                      style="stroke: none; stroke-width: 0; fill-opacity: .1; fill: #e6b3ad; pointer-events: auto;"
                    />
                    <circle
                      cx="22.52173913043478"
                      cy="2"
                      r="2"
                      style="stroke: none; stroke-width: 0; fill-opacity: .1; fill: #e6b3ad; pointer-events: auto;"
                    />
                    <circle
                      cx="32.78260869565217"
                      cy="22"
                      r="2"
                      style="stroke: none; stroke-width: 0; fill-opacity: .1; fill: #e6b3ad; pointer-events: auto;"
                    />
                    <circle
                      cx="43.04347826086956"
                      cy="26"
                      r="2"
                      style="stroke: none; stroke-width: 0; fill-opacity: .1; fill: #e6b3ad; pointer-events: auto;"
                    />
                    <circle
                      cx="53.30434782608695"
                      cy="14"
                      r="2"
                      style="stroke: none; stroke-width: 0; fill-opacity: .1; fill: #e6b3ad; pointer-events: auto;"
                    />
                    <circle
                      cx="63.565217391304344"
                      cy="26"
                      r="2"
                      style="stroke: none; stroke-width: 0; fill-opacity: .1; fill: #e6b3ad; pointer-events: auto;"
                    />
                    <circle
                      cx="73.82608695652173"
                      cy="22"
                      r="2"
                      style="stroke: none; stroke-width: 0; fill-opacity: .1; fill: #e6b3ad; pointer-events: auto;"
                    />
                    <circle
                      cx="84.08695652173913"
                      cy="2"
                      r="2"
                      style="stroke: none; stroke-width: 0; fill-opacity: .1; fill: #e6b3ad; pointer-events: auto;"
                    />
                    <circle
                      cx="94.34782608695652"
                      cy="6"
                      r="2"
                      style="stroke: none; stroke-width: 0; fill-opacity: .1; fill: #e6b3ad; pointer-events: auto;"
                    />
                    <circle
                      cx="104.6086956521739"
                      cy="34"
                      r="2"
                      style="stroke: none; stroke-width: 0; fill-opacity: .1; fill: #e6b3ad; pointer-events: auto;"
                    />
                    <circle
                      cx="114.8695652173913"
                      cy="6"
                      r="2"
                      style="stroke: none; stroke-width: 0; fill-opacity: .1; fill: #e6b3ad; pointer-events: auto;"
                    />
                    <circle
                      cx="125.13043478260869"
                      cy="2"
                      r="2"
                      style="stroke: none; stroke-width: 0; fill-opacity: .1; fill: #e6b3ad; pointer-events: auto;"
                    />
                    <circle
                      cx="135.39130434782606"
                      cy="22"
                      r="2"
                      style="stroke: none; stroke-width: 0; fill-opacity: .1; fill: #e6b3ad; pointer-events: auto;"
                    />
                    <circle
                      cx="145.65217391304347"
                      cy="26"
                      r="2"
                      style="stroke: none; stroke-width: 0; fill-opacity: .1; fill: #e6b3ad; pointer-events: auto;"
                    />
                    <circle
                      cx="155.91304347826087"
                      cy="14"
                      r="2"
                      style="stroke: none; stroke-width: 0; fill-opacity: .1; fill: #e6b3ad; pointer-events: auto;"
                    />
                    <circle
                      cx="166.17391304347825"
                      cy="26"
                      r="2"
                      style="stroke: none; stroke-width: 0; fill-opacity: .1; fill: #e6b3ad; pointer-events: auto;"
                    />
                    <circle
                      cx="176.43478260869563"
                      cy="22"
                      r="2"
                      style="stroke: none; stroke-width: 0; fill-opacity: .1; fill: #e6b3ad; pointer-events: auto;"
                    />
                    <circle
                      cx="186.69565217391303"
                      cy="2"
                      r="2"
                      style="stroke: none; stroke-width: 0; fill-opacity: .1; fill: #e6b3ad; pointer-events: auto;"
                    />
                    <circle
                      cx="196.95652173913044"
                      cy="6"
                      r="2"
                      style="stroke: none; stroke-width: 0; fill-opacity: .1; fill: #e6b3ad; pointer-events: auto;"
                    />
                    <circle
                      cx="207.2173913043478"
                      cy="34"
                      r="2"
                      style="stroke: none; stroke-width: 0; fill-opacity: .1; fill: #e6b3ad; pointer-events: auto;"
                    />
                    <circle
                      cx="217.4782608695652"
                      cy="6"
                      r="2"
                      style="stroke: none; stroke-width: 0; fill-opacity: .1; fill: #e6b3ad; pointer-events: auto;"
                    />
                    <circle
                      cx="227.7391304347826"
                      cy="2"
                      r="2"
                      style="stroke: none; stroke-width: 0; fill-opacity: .1; fill: #e6b3ad; pointer-events: auto;"
                    />
                    <circle
                      cx="238"
                      cy="22"
                      r="2"
                      style="stroke: none; stroke-width: 0; fill-opacity: .1; fill: #e6b3ad; pointer-events: auto;"
                    />
                    <polyline
                      points="2 34 12.26086956521739 6 22.52173913043478 2 32.78260869565217 22 43.04347826086956 26 53.30434782608695 14 63.565217391304344 26 73.82608695652173 22 84.08695652173913 2 94.34782608695652 6 104.6086956521739 34 114.8695652173913 6 125.13043478260869 2 135.39130434782606 22 145.65217391304347 26 155.91304347826087 14 166.17391304347825 26 176.43478260869563 22 186.69565217391303 2 196.95652173913044 6 207.2173913043478 34 217.4782608695652 6 227.7391304347826 2 238 22 238 58 2 58 2 34"
                      style="stroke: none; stroke-width: 0; fill-opacity: .1; fill: #e6b3ad; pointer-events: auto;"
                    />
                    <polyline
                      points="2 34 12.26086956521739 6 22.52173913043478 2 32.78260869565217 22 43.04347826086956 26 53.30434782608695 14 63.565217391304344 26 73.82608695652173 22 84.08695652173913 2 94.34782608695652 6 104.6086956521739 34 114.8695652173913 6 125.13043478260869 2 135.39130434782606 22 145.65217391304347 26 155.91304347826087 14 166.17391304347825 26 176.43478260869563 22 186.69565217391303 2 196.95652173913044 6 207.2173913043478 34 217.4782608695652 6 227.7391304347826 2 238 22"
                      style="stroke: #e6b3ad; stroke-width: 1; stroke-linejoin: round; stroke-linecap: round; fill: none;"
                    />
                  </g>
                  <g>
                    <circle
                      cx="238"
                      cy="22"
                      r="2"
                      style="fill: #e6b3ad;"
                    />
                  </g>
                </svg>
              </div>
            </div>
          </div>
          <div
            class="flex justify-end my-2"
          >
            <h2
              class="grow css-13yts7e"
            >
              History
            </h2>
            <span
              class="isolate inline-flex rounded-md shadow-sm"
            >
              <button
                class="css-1gwafep"
                type="button"
              >
                1h
              </button>
              <button
                class="css-1gwafep"
                type="button"
              >
                24h
              </button>
              <button
                class="css-v7wx26"
                type="button"
              >
                7d
              </button>
              <button
                class="css-1gwafep"
                type="button"
              >
                1m
              </button>
              <button
                class="css-1gwafep"
                type="button"
              >
                1y
              </button>
            </span>
          </div>
          <div
            class="mb-4 css-14upriz"
          >
            <div>
              <h3
                class="css-1hpno4e"
              >
                Transactions
              </h3>
              <div
                style="display: flex; align-items: center;"
              >
                <div
                  class="flex flex-col items-center"
                >
                  <div
                    class="flex self-center"
                  >
                    <span
                      class="bg-green-500 css-1ubanwl"
                      title="score: 95"
                    >
                      A
                      <div
                        class="text-xs font-normal text-right"
                      >
                        1h
                         average
                      </div>
                    </span>
                  </div>
                  <div
                    class="grid grid-cols-2 text-xs text-left align-text-bottom items-center self-center ml-10 mt-10"
                  >
                    <span
                      class="font-bold"
                    >
                      Mean duration:
                    </span>
                    <span>
                      0.03
                       s
                    </span>
                    <span
                      class="font-bold"
                    >
                      Errors:
                    </span>
                    <span>
                      50,0 %
                    </span>
                  </div>
                </div>
                <div
                  class="recharts-responsive-container"
                  style="width: 90%; height: 300px; min-width: 0;"
                />
              </div>
            </div>
          </div>
          <div
            class="grid grid-cols-2 gap-4"
          >
            <div
              class="css-14upriz"
            >
              <div>
                <h3
                  class="css-1hpno4e"
                >
                  endpoint1
                </h3>
                <div
                  style="display: flex; align-items: center;"
                >
                  <div
                    class="flex flex-col items-center"
                  >
                    <div
                      class="flex self-center"
                    >
                      <span
                        class="bg-green-500 css-1ubanwl"
                        title="score: 95"
                      >
                        A
                        <div
                          class="text-xs font-normal text-right"
                        >
                          1h
                           average
                        </div>
                      </span>
                    </div>
                    <div
                      class="grid grid-cols-2 text-xs text-left align-text-bottom items-center self-center ml-10 mt-10"
                    >
                      <span
                        class="font-bold"
                      >
                        Mean duration:
                      </span>
                      <span>
                        0.03
                         s
                      </span>
                      <span
                        class="font-bold"
                      >
                        Errors:
                      </span>
                      <span>
                        50,0 %
                      </span>
                    </div>
                  </div>
                  <div
                    class="recharts-responsive-container"
                    style="width: 90%; height: 300px; min-width: 0;"
                  />
                </div>
              </div>
            </div>
            <div
              class="css-14upriz"
            >
              <div>
                <h3
                  class="css-1hpno4e"
                >
                  endpoint2
                </h3>
                <div
                  style="display: flex; align-items: center;"
                >
                  <div
                    class="flex flex-col items-center"
                  >
                    <div
                      class="flex self-center"
                    >
                      <span
                        class="bg-green-500 css-1ubanwl"
                        title="score: 95"
                      >
                        A
                        <div
                          class="text-xs font-normal text-right"
                        >
                          1h
                           average
                        </div>
                      </span>
                    </div>
                    <div
                      class="grid grid-cols-2 text-xs text-left align-text-bottom items-center self-center ml-10 mt-10"
                    >
                      <span
                        class="font-bold"
                      >
                        Mean duration:
                      </span>
                      <span>
                        0.03
                         s
                      </span>
                      <span
                        class="font-bold"
                      >
                        Errors:
                      </span>
                      <span>
                        50,0 %
                      </span>
                    </div>
                  </div>
                  <div
                    class="recharts-responsive-container"
                    style="width: 90%; height: 300px; min-width: 0;"
                  />
                </div>
              </div>
            </div>
          </div>
        </section>
      </div>
    </div>
  </main>
</div>
`;
