// Jest Snapshot v1, https://goo.gl/fbAQLP

exports[`Tab renders correctly 1`] = `
<DocumentFragment>
  <div
    aria-orientation="horizontal"
    class="css-6cf2cn-List e15jh2do3"
    role="tablist"
  >
    <button
      aria-controls="headlessui-tabs-panel-:r1:"
      aria-selected="true"
      class="focus:ring-0 focus:ring-offset-0 focus:outline-none"
      data-headlessui-state="selected"
      id="headlessui-tabs-tab-:r0:"
      role="tab"
      tabindex="0"
      type="button"
    >
      <span
        class="css-1my20wo-InnerTab e15jh2do2"
      >
        Tab 1
      </span>
    </button>
  </div>
  <div
    class="css-1lmq0kc-Panels e15jh2do1"
  >
    <div
      aria-labelledby="headlessui-tabs-tab-:r0:"
      class="css-19qtj8m-Panel e15jh2do0"
      data-headlessui-state="selected"
      id="headlessui-tabs-panel-:r1:"
      role="tabpanel"
      tabindex="0"
    >
      Panel 1
    </div>
  </div>
</DocumentFragment>
`;
