// Vitest Snapshot v1, https://vitest.dev/guide/snapshot.html

exports[`Tab > renders correctly 1`] = `
<div>
  <div
    aria-orientation="horizontal"
    class="css-tvjki7"
    role="tablist"
  >
    <button
      aria-controls="headlessui-tabs-panel-:r1:"
      aria-selected="true"
      class="focus:ring-0 focus:ring-offset-0 focus:outline-none"
      data-headlessui-state="selected"
      id="headlessui-tabs-tab-:r0:"
      role="tab"
      tabindex="0"
      type="button"
    >
      <span
        class="css-7lc9z"
      >
        Tab 1
      </span>
    </button>
  </div>
  <div
    class="css-ii4d2e"
  >
    <div
      aria-labelledby="headlessui-tabs-tab-:r0:"
      class="css-hu3rmt"
      data-headlessui-state="selected"
      id="headlessui-tabs-panel-:r1:"
      role="tabpanel"
      tabindex="0"
    >
      Panel 1
    </div>
  </div>
</div>
`;
