# serializer version: 1
# name: TestHttpCacheSettings.test_jsonschema_for_serialization
  dict({
    '$defs': dict({
      'Service': dict({
        'additionalProperties': True,
        'description': 'A settings base class for service definitions.',
        'properties': dict({
          'arguments': dict({
            'anyOf': list([
              dict({
                'additionalProperties': True,
                'type': 'object',
              }),
              dict({
                'type': 'null',
              }),
            ]),
            'description': 'Arguments for the service constructor.',
            'title': 'Arguments',
          }),
          'base': dict({
            'anyOf': list([
              dict({
                'type': 'string',
              }),
              dict({
                'type': 'null',
              }),
            ]),
            'default': None,
            'description': 'Base type for service definition.',
            'title': 'Base',
          }),
          'constructor': dict({
            'anyOf': list([
              dict({
                'type': 'string',
              }),
              dict({
                'type': 'null',
              }),
            ]),
            'default': None,
            'description': 'Optional custom constructor for the service.',
            'title': 'Constructor',
          }),
          'type': dict({
            'anyOf': list([
              dict({
                'type': 'string',
              }),
              dict({
                'type': 'null',
              }),
            ]),
            'default': None,
            'description': 'Type for service definition.',
            'title': 'Type',
          }),
        }),
        'title': 'Service',
        'type': 'object',
      }),
    }),
    'additionalProperties': False,
    'properties': dict({
      'enabled': dict({
        'default': True,
        'description': 'Whether the application is enabled',
        'title': 'Enabled',
        'type': 'boolean',
      }),
      'policy': dict({
        '$ref': '#/$defs/Service',
        'default': dict({
          'type': 'hishel.SpecificationPolicy',
        }),
      }),
      'storage': dict({
        '$ref': '#/$defs/Service',
        'default': dict({
          'base': 'hishel.AsyncBaseStorage',
          'check_ttl_every': 60.0,
          'ttl': None,
          'type': 'harp_apps.http_cache.storages.AsyncStorage',
        }),
      }),
      'transport': dict({
        '$ref': '#/$defs/Service',
        'default': dict({
          'base': 'hishel._async_httpx.AsyncCacheTransport',
          'type': 'harp_apps.http_cache.transports.AsyncCacheTransport',
        }),
      }),
    }),
    'title': 'HttpCacheSettings',
    'type': 'object',
  })
# ---
# name: TestHttpCacheSettings.test_jsonschema_for_validation
  dict({
    '$defs': dict({
      'Service': dict({
        'additionalProperties': True,
        'description': 'A settings base class for service definitions.',
        'properties': dict({
          'arguments': dict({
            'anyOf': list([
              dict({
                'additionalProperties': True,
                'type': 'object',
              }),
              dict({
                'type': 'null',
              }),
            ]),
            'description': 'Arguments for the service constructor.',
            'title': 'Arguments',
          }),
          'base': dict({
            'anyOf': list([
              dict({
                'type': 'string',
              }),
              dict({
                'type': 'null',
              }),
            ]),
            'default': None,
            'description': 'Base type for service definition.',
            'title': 'Base',
          }),
          'constructor': dict({
            'anyOf': list([
              dict({
                'type': 'string',
              }),
              dict({
                'type': 'null',
              }),
            ]),
            'default': None,
            'description': 'Optional custom constructor for the service.',
            'title': 'Constructor',
          }),
          'type': dict({
            'anyOf': list([
              dict({
                'type': 'string',
              }),
              dict({
                'type': 'null',
              }),
            ]),
            'default': None,
            'description': 'Type for service definition.',
            'title': 'Type',
          }),
        }),
        'title': 'Service',
        'type': 'object',
      }),
    }),
    'additionalProperties': False,
    'properties': dict({
      'enabled': dict({
        'default': True,
        'description': 'Whether the application is enabled',
        'title': 'Enabled',
        'type': 'boolean',
      }),
      'policy': dict({
        '$ref': '#/$defs/Service',
        'default': dict({
          'type': 'hishel.SpecificationPolicy',
        }),
      }),
      'storage': dict({
        '$ref': '#/$defs/Service',
        'default': dict({
          'base': 'hishel.AsyncBaseStorage',
          'check_ttl_every': 60.0,
          'ttl': None,
          'type': 'harp_apps.http_cache.storages.AsyncStorage',
        }),
      }),
      'transport': dict({
        '$ref': '#/$defs/Service',
        'default': dict({
          'base': 'hishel._async_httpx.AsyncCacheTransport',
          'type': 'harp_apps.http_cache.transports.AsyncCacheTransport',
        }),
      }),
    }),
    'title': 'HttpCacheSettings',
    'type': 'object',
  })
# ---
