// Vitest Snapshot v1, https://vitest.dev/guide/snapshot.html

exports[`SystemPage > renders the title and data when the query is successful 1`] = `
<div>
  <main>
    <div
      class="mt-4 flex"
    >
      <div
        class="flex flex-col"
      >
        <h1
          class="css-9lrcch"
        >
          System
        </h1>
        <p
          class="css-11bp3eh"
        >
          Informations about the running instance.
        </p>
      </div>
    </div>
    <div
      class="mt-4"
    >
      <div
        class="sm:-mx-6 lg:-mx-8"
      >
        <section
          class="inline-block min-w-full max-w-full py-2 align-middle sm:px-6 lg:px-8"
        >
          <div>
            <nav
              aria-label="Tabs"
              aria-orientation="horizontal"
              class="css-tvjki7"
              role="tablist"
            >
              <button
                aria-controls="headlessui-tabs-panel-:r8:"
                aria-selected="true"
                class="focus:ring-0 focus:ring-offset-0 focus:outline-none"
                data-headlessui-state="selected"
                data-selected=""
                id="headlessui-tabs-tab-:r0:"
                role="tab"
                tabindex="0"
                type="button"
              >
                <span
                  class="css-7lc9z"
                >
                  Topology
                </span>
              </button>
              <button
                aria-controls="headlessui-tabs-panel-:ra:"
                aria-selected="false"
                class="focus:ring-0 focus:ring-offset-0 focus:outline-none"
                data-headlessui-state=""
                id="headlessui-tabs-tab-:r2:"
                role="tab"
                tabindex="-1"
                type="button"
              >
                <span
                  class="css-gebh7q"
                >
                  Settings
                </span>
              </button>
              <button
                aria-controls="headlessui-tabs-panel-:rc:"
                aria-selected="false"
                class="focus:ring-0 focus:ring-offset-0 focus:outline-none"
                data-headlessui-state=""
                id="headlessui-tabs-tab-:r4:"
                role="tab"
                tabindex="-1"
                type="button"
              >
                <span
                  class="css-gebh7q"
                >
                  Storage
                </span>
              </button>
              <button
                aria-selected="false"
                class="focus:ring-0 focus:ring-offset-0 focus:outline-none"
                data-headlessui-state=""
                id="headlessui-tabs-tab-:r6:"
                role="tab"
                tabindex="-1"
                type="button"
              >
                <span
                  class="css-gebh7q"
                >
                  Dependencies
                </span>
              </button>
            </nav>
            <div
              class="css-ii4d2e"
            >
              <div>
                Loading...
              </div>
              <div
                aria-labelledby="headlessui-tabs-tab-:r0:"
                class="css-hu3rmt"
                data-headlessui-state="selected"
                data-selected=""
                id="headlessui-tabs-panel-:r8:"
                role="tabpanel"
                tabindex="0"
              >
                <div>
                  Loading...
                </div>
              </div>
              <span
                aria-hidden="true"
                aria-labelledby="headlessui-tabs-tab-:r2:"
                id="headlessui-tabs-panel-:ra:"
                role="tabpanel"
                style="position: fixed; top: 1px; left: 1px; width: 1px; height: 0px; padding: 0px; margin: -1px; overflow: hidden; clip: rect(0px, 0px, 0px, 0px); white-space: nowrap; border-width: 0px;"
                tabindex="-1"
              />
              <span
                aria-hidden="true"
                aria-labelledby="headlessui-tabs-tab-:r4:"
                id="headlessui-tabs-panel-:rc:"
                role="tabpanel"
                style="position: fixed; top: 1px; left: 1px; width: 1px; height: 0px; padding: 0px; margin: -1px; overflow: hidden; clip: rect(0px, 0px, 0px, 0px); white-space: nowrap; border-width: 0px;"
                tabindex="-1"
              />
            </div>
          </div>
        </section>
      </div>
    </div>
  </main>
</div>
`;
