// Vitest Snapshot v1, https://vitest.dev/guide/snapshot.html

exports[`SystemPage > renders the title and data when the query is successful 1`] = `
<div>
  <main>
    <div
      class="mt-4 mb-4"
    >
      <h1
        class="css-9lrcch"
      >
        System
      </h1>
      <p
        class="css-11bp3eh"
      >
        Informations about the running instance.
      </p>
    </div>
    <div
      class="mt-4"
    >
      <div
        class="sm:-mx-6 lg:-mx-8"
      >
        <section
          class="inline-block min-w-full max-w-full py-2 align-middle sm:px-6 lg:px-8"
        >
          <nav
            aria-label="Tabs"
            aria-orientation="horizontal"
            class="css-tvjki7"
            role="tablist"
          >
            <button
              aria-controls="headlessui-tabs-panel-:r4:"
              aria-selected="true"
              class="focus:ring-0 focus:ring-offset-0 focus:outline-none"
              data-headlessui-state="selected"
              id="headlessui-tabs-tab-:r0:"
              role="tab"
              tabindex="0"
              type="button"
            >
              <span
                class="css-7lc9z"
              >
                Topology
              </span>
            </button>
            <button
              aria-controls="headlessui-tabs-panel-:r5:"
              aria-selected="false"
              class="focus:ring-0 focus:ring-offset-0 focus:outline-none"
              data-headlessui-state=""
              id="headlessui-tabs-tab-:r1:"
              role="tab"
              tabindex="-1"
              type="button"
            >
              <span
                class="css-gebh7q"
              >
                Settings
              </span>
            </button>
            <button
              aria-controls="headlessui-tabs-panel-:r6:"
              aria-selected="false"
              class="focus:ring-0 focus:ring-offset-0 focus:outline-none"
              data-headlessui-state=""
              id="headlessui-tabs-tab-:r2:"
              role="tab"
              tabindex="-1"
              type="button"
            >
              <span
                class="css-gebh7q"
              >
                Storage
              </span>
            </button>
            <button
              aria-controls="headlessui-tabs-panel-:r7:"
              aria-selected="false"
              class="focus:ring-0 focus:ring-offset-0 focus:outline-none"
              data-headlessui-state=""
              id="headlessui-tabs-tab-:r3:"
              role="tab"
              tabindex="-1"
              type="button"
            >
              <span
                class="css-gebh7q"
              >
                Dependencies
              </span>
            </button>
          </nav>
          <div
            class="css-ii4d2e"
          >
            <div
              aria-labelledby="headlessui-tabs-tab-:r0:"
              class="css-hu3rmt"
              data-headlessui-state="selected"
              id="headlessui-tabs-panel-:r4:"
              role="tabpanel"
              tabindex="0"
            >
              <div
                class="css-14upriz"
              >
                <h2
                  class="css-13yts7e"
                >
                  Topology
                </h2>
                <svg
                  class="container"
                  viewBox="0 0 700 250"
                >
                  <defs>
                    <marker
                      id="arrow"
                      markerHeight="10"
                      markerUnits="strokeWidth"
                      markerWidth="10"
                      orient="auto"
                      refX="0"
                      refY="3"
                    >
                      <path
                        d="M0,0 L0,6 L9,3 z"
                        fill="#000"
                      />
                    </marker>
                  </defs>
                  <rect
                    fill="lightblue"
                    height="50"
                    width="100"
                    x="50"
                    y="100"
                  />
                  <text
                    dominant-baseline="middle"
                    fill="black"
                    text-anchor="middle"
                    x="100"
                    y="125"
                  >
                    Localhost
                  </text>
                  <rect
                    fill="lightblue"
                    height="170"
                    width="150"
                    x="250"
                    y="50"
                  />
                  <text
                    fill="black"
                    x="300"
                    y="125"
                  >
                    HARP
                  </text>
                  <line
                    marker-end="url(#arrow)"
                    stroke="black"
                    x1="150"
                    x2="240"
                    y1="125"
                    y2="125"
                  />
                  <g>
                    <rect
                      fill="lightblue"
                      height="50"
                      width="92"
                      x="500"
                      y="60"
                    />
                    <text
                      dominant-baseline="middle"
                      fill="black"
                      text-anchor="middle"
                      x="546"
                      y="90"
                    >
                      endpoint1
                    </text>
                    <line
                      marker-end="url(#arrow)"
                      stroke="black"
                      x1="400"
                      x2="490"
                      y1="85"
                      y2="85"
                    />
                  </g>
                  <g>
                    <rect
                      fill="lightblue"
                      height="50"
                      width="92"
                      x="500"
                      y="160"
                    />
                    <text
                      dominant-baseline="middle"
                      fill="black"
                      text-anchor="middle"
                      x="546"
                      y="190"
                    >
                      endpoint2
                    </text>
                    <line
                      marker-end="url(#arrow)"
                      stroke="black"
                      x1="400"
                      x2="490"
                      y1="185"
                      y2="185"
                    />
                  </g>
                </svg>
              </div>
            </div>
            <span
              aria-labelledby="headlessui-tabs-tab-:r1:"
              id="headlessui-tabs-panel-:r5:"
              role="tabpanel"
              style="position: fixed; top: 1px; left: 1px; width: 1px; height: 0px; padding: 0px; margin: -1px; overflow: hidden; clip: rect(0px, 0px, 0px, 0px); white-space: nowrap; border-width: 0px;"
              tabindex="-1"
            />
            <span
              aria-labelledby="headlessui-tabs-tab-:r2:"
              id="headlessui-tabs-panel-:r6:"
              role="tabpanel"
              style="position: fixed; top: 1px; left: 1px; width: 1px; height: 0px; padding: 0px; margin: -1px; overflow: hidden; clip: rect(0px, 0px, 0px, 0px); white-space: nowrap; border-width: 0px;"
              tabindex="-1"
            />
            <span
              aria-labelledby="headlessui-tabs-tab-:r3:"
              id="headlessui-tabs-panel-:r7:"
              role="tabpanel"
              style="position: fixed; top: 1px; left: 1px; width: 1px; height: 0px; padding: 0px; margin: -1px; overflow: hidden; clip: rect(0px, 0px, 0px, 0px); white-space: nowrap; border-width: 0px;"
              tabindex="-1"
            />
          </div>
        </section>
      </div>
    </div>
  </main>
</div>
`;
