// Vitest Snapshot v1, https://vitest.dev/guide/snapshot.html

exports[`renders the title and data when the query is successful 1`] = `
<div>
  <button
    aria-hidden="true"
    style="position: fixed; top: 1px; left: 1px; width: 1px; height: 0px; padding: 0px; margin: -1px; overflow: hidden; clip: rect(0px, 0px, 0px, 0px); white-space: nowrap; border-width: 0px;"
    type="button"
  />
  <div
    class="css-hu3rmt"
    data-headlessui-state="selected"
    id="headlessui-tabs-panel-:r0:"
    role="tabpanel"
    tabindex="0"
  >
    <div
      class="css-o0j4j7"
    >
      <table
        class="min-w-fit divide-y divide-gray-300"
      >
        <tbody
          class="divide-y divide-gray-200 bg-white"
        >
          <tr>
            <td
              class="whitespace-nowrap py-2 px-4 text-sm font-medium text-gray-900 min-w-fit align-top"
            >
              python
            </td>
            <td
              class="whitespace-nowrap text-sm text-gray-500"
            >
              <table
                class="min-w-fit divide-y divide-gray-300"
              >
                <tbody
                  class="divide-y divide-gray-200 bg-white"
                >
                  <tr>
                    <td
                      class="whitespace-nowrap py-2 px-4 text-sm font-medium text-gray-900 min-w-fit align-top"
                    >
                      0
                    </td>
                    <td
                      class="whitespace-nowrap text-sm text-gray-500"
                    >
                      numpy
                    </td>
                  </tr>
                  <tr>
                    <td
                      class="whitespace-nowrap py-2 px-4 text-sm font-medium text-gray-900 min-w-fit align-top"
                    >
                      1
                    </td>
                    <td
                      class="whitespace-nowrap text-sm text-gray-500"
                    >
                      pandas
                    </td>
                  </tr>
                </tbody>
              </table>
            </td>
          </tr>
        </tbody>
      </table>
    </div>
  </div>
</div>
`;
