# serializer version: 1
# name: TestHttpClientSettings.test_jsonschema_for_serialization
  dict({
    '$defs': dict({
      'Service': dict({
        'additionalProperties': True,
        'description': 'A settings base class for service definitions.',
        'properties': dict({
          'arguments': dict({
            'anyOf': list([
              dict({
                'additionalProperties': True,
                'type': 'object',
              }),
              dict({
                'type': 'null',
              }),
            ]),
            'description': 'Arguments for the service constructor.',
            'title': 'Arguments',
          }),
          'base': dict({
            'anyOf': list([
              dict({
                'type': 'string',
              }),
              dict({
                'type': 'null',
              }),
            ]),
            'default': None,
            'description': 'Base type for service definition.',
            'title': 'Base',
          }),
          'constructor': dict({
            'anyOf': list([
              dict({
                'type': 'string',
              }),
              dict({
                'type': 'null',
              }),
            ]),
            'default': None,
            'description': 'Optional custom constructor for the service.',
            'title': 'Constructor',
          }),
          'type': dict({
            'anyOf': list([
              dict({
                'type': 'string',
              }),
              dict({
                'type': 'null',
              }),
            ]),
            'default': None,
            'description': 'Type for service definition.',
            'title': 'Type',
          }),
        }),
        'title': 'Service',
        'type': 'object',
      }),
    }),
    'additionalProperties': True,
    'properties': dict({
      'arguments': dict({
        'additionalProperties': True,
        'default': dict({
          'timeout': 30.0,
        }),
        'title': 'Arguments',
        'type': 'object',
      }),
      'base': dict({
        'anyOf': list([
          dict({
            'type': 'string',
          }),
          dict({
            'type': 'null',
          }),
        ]),
        'default': None,
        'description': 'Base type for service definition.',
        'title': 'Base',
      }),
      'constructor': dict({
        'anyOf': list([
          dict({
            'type': 'string',
          }),
          dict({
            'type': 'null',
          }),
        ]),
        'default': None,
        'description': 'Optional custom constructor for the service.',
        'title': 'Constructor',
      }),
      'enabled': dict({
        'default': True,
        'description': 'Whether the application is enabled',
        'title': 'Enabled',
        'type': 'boolean',
      }),
      'proxy_transport': dict({
        '$ref': '#/$defs/Service',
        'default': dict({
          'type': 'harp_apps.http_client.transports.AsyncFilterableTransport',
        }),
      }),
      'transport': dict({
        '$ref': '#/$defs/Service',
        'default': dict({
          'retries': 0,
          'type': 'httpx.AsyncHTTPTransport',
          'verify': True,
        }),
      }),
      'type': dict({
        'default': 'httpx.AsyncClient',
        'description': 'Type for service definition.',
        'title': 'Type',
        'type': 'string',
      }),
    }),
    'title': 'HttpClientSettings',
    'type': 'object',
  })
# ---
# name: TestHttpClientSettings.test_jsonschema_for_validation
  dict({
    '$defs': dict({
      'Service': dict({
        'additionalProperties': True,
        'description': 'A settings base class for service definitions.',
        'properties': dict({
          'arguments': dict({
            'anyOf': list([
              dict({
                'additionalProperties': True,
                'type': 'object',
              }),
              dict({
                'type': 'null',
              }),
            ]),
            'description': 'Arguments for the service constructor.',
            'title': 'Arguments',
          }),
          'base': dict({
            'anyOf': list([
              dict({
                'type': 'string',
              }),
              dict({
                'type': 'null',
              }),
            ]),
            'default': None,
            'description': 'Base type for service definition.',
            'title': 'Base',
          }),
          'constructor': dict({
            'anyOf': list([
              dict({
                'type': 'string',
              }),
              dict({
                'type': 'null',
              }),
            ]),
            'default': None,
            'description': 'Optional custom constructor for the service.',
            'title': 'Constructor',
          }),
          'type': dict({
            'anyOf': list([
              dict({
                'type': 'string',
              }),
              dict({
                'type': 'null',
              }),
            ]),
            'default': None,
            'description': 'Type for service definition.',
            'title': 'Type',
          }),
        }),
        'title': 'Service',
        'type': 'object',
      }),
    }),
    'additionalProperties': True,
    'properties': dict({
      'arguments': dict({
        'additionalProperties': True,
        'default': dict({
          'timeout': 30.0,
        }),
        'title': 'Arguments',
        'type': 'object',
      }),
      'base': dict({
        'anyOf': list([
          dict({
            'type': 'string',
          }),
          dict({
            'type': 'null',
          }),
        ]),
        'default': None,
        'description': 'Base type for service definition.',
        'title': 'Base',
      }),
      'constructor': dict({
        'anyOf': list([
          dict({
            'type': 'string',
          }),
          dict({
            'type': 'null',
          }),
        ]),
        'default': None,
        'description': 'Optional custom constructor for the service.',
        'title': 'Constructor',
      }),
      'enabled': dict({
        'default': True,
        'description': 'Whether the application is enabled',
        'title': 'Enabled',
        'type': 'boolean',
      }),
      'proxy_transport': dict({
        '$ref': '#/$defs/Service',
        'default': dict({
          'type': 'harp_apps.http_client.transports.AsyncFilterableTransport',
        }),
      }),
      'transport': dict({
        '$ref': '#/$defs/Service',
        'default': dict({
          'retries': 0,
          'type': 'httpx.AsyncHTTPTransport',
          'verify': True,
        }),
      }),
      'type': dict({
        'default': 'httpx.AsyncClient',
        'description': 'Type for service definition.',
        'title': 'Type',
        'type': 'string',
      }),
    }),
    'title': 'HttpClientSettings',
    'type': 'object',
  })
# ---
