// Vitest Snapshot v1, https://vitest.dev/guide/snapshot.html

exports[`renders the title and data when the query is successful 1`] = `
<div>
  <div
    class="divide-y divide-gray-100 overflow-hidden text-gray-900 sm:text-sm css-o0j4j7"
  >
    <div
      class="px-4 py-3"
    >
      <fieldset
        name="endpoint"
      >
        <legend
          class="flex w-full cursor-pointer css-9ho516"
        >
          <span
            class="grow"
          >
            Endpoint
          </span>
          <svg
            aria-hidden="true"
            class="h-4 w-4 text-gray-600"
            data-slot="icon"
            fill="none"
            stroke="currentColor"
            stroke-width="1.5"
            viewBox="0 0 24 24"
            xmlns="http://www.w3.org/2000/svg"
          >
            <path
              d="m4.5 15.75 7.5-7.5 7.5 7.5"
              stroke-linecap="round"
              stroke-linejoin="round"
            />
          </svg>
        </legend>
        <div
          class="mt-2 space-y-2 "
        >
          <div
            class="relative flex gap-x-3 select-none cursor-pointer"
          >
            <div
              class="flex h-6 items-center"
            >
              <input
                checked=""
                class="h-4 w-4 rounded border-gray-300 text-indigo-600 focus:ring-indigo-600 cursor-pointer"
                id="endpoint1"
                name="endpoint1"
                type="checkbox"
              />
            </div>
            <div
              class="text-sm leading-6"
            >
              <label
                class="font-medium text-gray-900  cursor-pointer"
                for="endpoint1"
              >
                <div>
                  endpoint1
                  <span
                    class="text-xs text-gray-400"
                  >
                     (
                    10
                    )
                  </span>
                  <button
                    class="text-gray-400 mx-1 font-medium text-xs"
                  >
                    only
                  </button>
                </div>
              </label>
            </div>
          </div>
          <div
            class="relative flex gap-x-3 select-none cursor-pointer"
          >
            <div
              class="flex h-6 items-center"
            >
              <input
                checked=""
                class="h-4 w-4 rounded border-gray-300 text-indigo-600 focus:ring-indigo-600 cursor-pointer"
                id="endpoint2"
                name="endpoint2"
                type="checkbox"
              />
            </div>
            <div
              class="text-sm leading-6"
            >
              <label
                class="font-medium text-gray-900  cursor-pointer"
                for="endpoint2"
              >
                <div>
                  endpoint2
                  <span
                    class="text-xs text-gray-400"
                  >
                     (
                    20
                    )
                  </span>
                  <button
                    class="text-gray-400 mx-1 font-medium text-xs"
                  >
                    only
                  </button>
                </div>
              </label>
            </div>
          </div>
        </div>
      </fieldset>
    </div>
    <div
      class="px-4 py-3"
    >
      <fieldset
        name="method"
      >
        <legend
          class="flex w-full cursor-pointer css-9ho516"
        >
          <span
            class="grow"
          >
            Request Method
          </span>
          <svg
            aria-hidden="true"
            class="h-4 w-4 text-gray-600"
            data-slot="icon"
            fill="none"
            stroke="currentColor"
            stroke-width="1.5"
            viewBox="0 0 24 24"
            xmlns="http://www.w3.org/2000/svg"
          >
            <path
              d="m4.5 15.75 7.5-7.5 7.5 7.5"
              stroke-linecap="round"
              stroke-linejoin="round"
            />
          </svg>
        </legend>
        <div
          class="mt-2 space-y-2 "
        >
          <div
            class="relative flex gap-x-3 select-none cursor-pointer"
          >
            <div
              class="flex h-6 items-center"
            >
              <input
                checked=""
                class="h-4 w-4 rounded border-gray-300 text-indigo-600 focus:ring-indigo-600 cursor-pointer"
                id="GET"
                name="GET"
                type="checkbox"
              />
            </div>
            <div
              class="text-sm leading-6"
            >
              <label
                class="font-medium text-gray-900  cursor-pointer"
                for="GET"
              >
                <div>
                  GET
                  <button
                    class="text-gray-400 mx-1 font-medium text-xs"
                  >
                    only
                  </button>
                </div>
              </label>
            </div>
          </div>
          <div
            class="relative flex gap-x-3 select-none cursor-pointer"
          >
            <div
              class="flex h-6 items-center"
            >
              <input
                checked=""
                class="h-4 w-4 rounded border-gray-300 text-indigo-600 focus:ring-indigo-600 cursor-pointer"
                id="POST"
                name="POST"
                type="checkbox"
              />
            </div>
            <div
              class="text-sm leading-6"
            >
              <label
                class="font-medium text-gray-900  cursor-pointer"
                for="POST"
              >
                <div>
                  POST
                  <button
                    class="text-gray-400 mx-1 font-medium text-xs"
                  >
                    only
                  </button>
                </div>
              </label>
            </div>
          </div>
          <div
            class="relative flex gap-x-3 select-none cursor-pointer"
          >
            <div
              class="flex h-6 items-center"
            >
              <input
                checked=""
                class="h-4 w-4 rounded border-gray-300 text-indigo-600 focus:ring-indigo-600 cursor-pointer"
                id="PUT"
                name="PUT"
                type="checkbox"
              />
            </div>
            <div
              class="text-sm leading-6"
            >
              <label
                class="font-medium text-gray-900  cursor-pointer"
                for="PUT"
              >
                <div>
                  PUT
                  <button
                    class="text-gray-400 mx-1 font-medium text-xs"
                  >
                    only
                  </button>
                </div>
              </label>
            </div>
          </div>
          <div
            class="relative flex gap-x-3 select-none cursor-pointer"
          >
            <div
              class="flex h-6 items-center"
            >
              <input
                checked=""
                class="h-4 w-4 rounded border-gray-300 text-indigo-600 focus:ring-indigo-600 cursor-pointer"
                id="DELETE"
                name="DELETE"
                type="checkbox"
              />
            </div>
            <div
              class="text-sm leading-6"
            >
              <label
                class="font-medium text-gray-900  cursor-pointer"
                for="DELETE"
              >
                <div>
                  DELETE
                  <button
                    class="text-gray-400 mx-1 font-medium text-xs"
                  >
                    only
                  </button>
                </div>
              </label>
            </div>
          </div>
          <div
            class="relative flex gap-x-3 select-none cursor-pointer"
          >
            <div
              class="flex h-6 items-center"
            >
              <input
                checked=""
                class="h-4 w-4 rounded border-gray-300 text-indigo-600 focus:ring-indigo-600 cursor-pointer"
                id="PATCH"
                name="PATCH"
                type="checkbox"
              />
            </div>
            <div
              class="text-sm leading-6"
            >
              <label
                class="font-medium text-gray-900  cursor-pointer"
                for="PATCH"
              >
                <div>
                  PATCH
                  <button
                    class="text-gray-400 mx-1 font-medium text-xs"
                  >
                    only
                  </button>
                </div>
              </label>
            </div>
          </div>
        </div>
      </fieldset>
    </div>
    <div
      class="px-4 py-3"
    >
      <fieldset
        name="status"
      >
        <legend
          class="flex w-full cursor-pointer css-9ho516"
        >
          <span
            class="grow"
          >
            Response Status
          </span>
          <svg
            aria-hidden="true"
            class="h-4 w-4 text-gray-600"
            data-slot="icon"
            fill="none"
            stroke="currentColor"
            stroke-width="1.5"
            viewBox="0 0 24 24"
            xmlns="http://www.w3.org/2000/svg"
          >
            <path
              d="m4.5 15.75 7.5-7.5 7.5 7.5"
              stroke-linecap="round"
              stroke-linejoin="round"
            />
          </svg>
        </legend>
        <div
          class="mt-2 space-y-2 "
        >
          <div
            class="relative flex gap-x-3 select-none cursor-pointer"
          >
            <div
              class="flex h-6 items-center"
            >
              <input
                checked=""
                class="h-4 w-4 rounded border-gray-300 text-indigo-600 focus:ring-indigo-600 cursor-pointer"
                id="2xx"
                name="2xx"
                type="checkbox"
              />
            </div>
            <div
              class="text-sm leading-6"
            >
              <label
                class="font-medium text-gray-900  cursor-pointer"
                for="2xx"
              >
                <div>
                  2xx
                  <button
                    class="text-gray-400 mx-1 font-medium text-xs"
                  >
                    only
                  </button>
                </div>
              </label>
            </div>
          </div>
          <div
            class="relative flex gap-x-3 select-none cursor-pointer"
          >
            <div
              class="flex h-6 items-center"
            >
              <input
                checked=""
                class="h-4 w-4 rounded border-gray-300 text-indigo-600 focus:ring-indigo-600 cursor-pointer"
                id="3xx"
                name="3xx"
                type="checkbox"
              />
            </div>
            <div
              class="text-sm leading-6"
            >
              <label
                class="font-medium text-gray-900  cursor-pointer"
                for="3xx"
              >
                <div>
                  3xx
                  <button
                    class="text-gray-400 mx-1 font-medium text-xs"
                  >
                    only
                  </button>
                </div>
              </label>
            </div>
          </div>
          <div
            class="relative flex gap-x-3 select-none cursor-pointer"
          >
            <div
              class="flex h-6 items-center"
            >
              <input
                checked=""
                class="h-4 w-4 rounded border-gray-300 text-indigo-600 focus:ring-indigo-600 cursor-pointer"
                id="4xx"
                name="4xx"
                type="checkbox"
              />
            </div>
            <div
              class="text-sm leading-6"
            >
              <label
                class="font-medium text-gray-900  cursor-pointer"
                for="4xx"
              >
                <div>
                  4xx
                  <button
                    class="text-gray-400 mx-1 font-medium text-xs"
                  >
                    only
                  </button>
                </div>
              </label>
            </div>
          </div>
          <div
            class="relative flex gap-x-3 select-none cursor-pointer"
          >
            <div
              class="flex h-6 items-center"
            >
              <input
                checked=""
                class="h-4 w-4 rounded border-gray-300 text-indigo-600 focus:ring-indigo-600 cursor-pointer"
                id="5xx"
                name="5xx"
                type="checkbox"
              />
            </div>
            <div
              class="text-sm leading-6"
            >
              <label
                class="font-medium text-gray-900  cursor-pointer"
                for="5xx"
              >
                <div>
                  5xx
                  <button
                    class="text-gray-400 mx-1 font-medium text-xs"
                  >
                    only
                  </button>
                </div>
              </label>
            </div>
          </div>
        </div>
      </fieldset>
    </div>
    <div
      class="px-4 py-3"
    >
      <fieldset
        name="flags"
      >
        <legend
          class="flex w-full cursor-pointer css-9ho516"
        >
          <span
            class="grow"
          >
            Flags
          </span>
          <svg
            aria-hidden="true"
            class="h-4 w-4 text-gray-600"
            data-slot="icon"
            fill="none"
            stroke="currentColor"
            stroke-width="1.5"
            viewBox="0 0 24 24"
            xmlns="http://www.w3.org/2000/svg"
          >
            <path
              d="m4.5 15.75 7.5-7.5 7.5 7.5"
              stroke-linecap="round"
              stroke-linejoin="round"
            />
          </svg>
        </legend>
        <div
          class="mt-2 space-y-2 "
        >
          <div
            class="relative flex gap-x-3 select-none cursor-pointer"
          >
            <div
              class="flex h-6 items-center"
            >
              <input
                checked=""
                class="h-4 w-4 rounded border-gray-300 text-indigo-600 focus:ring-indigo-600 cursor-pointer"
                id="flag1"
                name="flag1"
                type="checkbox"
              />
            </div>
            <div
              class="text-sm leading-6"
            >
              <label
                class="font-medium text-gray-900  cursor-pointer"
                for="flag1"
              >
                <div>
                  flag1
                  <button
                    class="text-gray-400 mx-1 font-medium text-xs"
                  >
                    only
                  </button>
                </div>
              </label>
            </div>
          </div>
          <div
            class="relative flex gap-x-3 select-none cursor-pointer"
          >
            <div
              class="flex h-6 items-center"
            >
              <input
                checked=""
                class="h-4 w-4 rounded border-gray-300 text-indigo-600 focus:ring-indigo-600 cursor-pointer"
                id="flag2"
                name="flag2"
                type="checkbox"
              />
            </div>
            <div
              class="text-sm leading-6"
            >
              <label
                class="font-medium text-gray-900  cursor-pointer"
                for="flag2"
              >
                <div>
                  flag2
                  <button
                    class="text-gray-400 mx-1 font-medium text-xs"
                  >
                    only
                  </button>
                </div>
              </label>
            </div>
          </div>
        </div>
      </fieldset>
    </div>
    <div
      class="px-4 py-3"
    >
      <fieldset
        name="performanceIndex"
      >
        <legend
          class="flex w-full cursor-pointer css-9ho516"
        >
          <span
            class="grow"
          >
            Performances Index
            <button
              class="text-gray-400 mx-1 font-medium text-xs"
            >
              reset
            </button>
          </span>
          <svg
            aria-hidden="true"
            class="h-4 w-4 text-gray-600"
            data-slot="icon"
            fill="none"
            stroke="currentColor"
            stroke-width="1.5"
            viewBox="0 0 24 24"
            xmlns="http://www.w3.org/2000/svg"
          >
            <path
              d="m4.5 15.75 7.5-7.5 7.5 7.5"
              stroke-linecap="round"
              stroke-linejoin="round"
            />
          </svg>
        </legend>
        <div
          class="mt-2 space-y-2 "
        >
          <div
            class="css-1tvrs2d"
          >
            <div
              class="css-1bggt6d"
            >
              <input
                class="input css-9ckkig"
                max="80"
                min="0"
                step="10"
                type="range"
                value="0"
              />
              <input
                class="input css-9ckkig"
                max="80"
                min="0"
                step="10"
                type="range"
                value="80"
              />
            </div>
            <div
              class="css-1yxx0tz"
            >
              <div
                class="css-14pv6h1"
                style="left: 0%;"
              />
              <div
                class="css-6u3d9g"
              >
                <div
                  class="css-fhc53s"
                  style="left: 0%; right: 0%;"
                />
                <div
                  style="position: absolute; left: 0%; top: 50%;"
                >
                  <div
                    class="bg-teal-400 css-1mbp5y2"
                  />
                  <div
                    class="css-rx8plc"
                  >
                    A++
                  </div>
                </div>
                <div
                  style="position: absolute; left: 12.5%; top: 50%;"
                >
                  <div
                    class="bg-emerald-400 css-8d6cle"
                  />
                  <div
                    class="css-rx8plc"
                  >
                    A+
                  </div>
                </div>
                <div
                  style="position: absolute; left: 25%; top: 50%;"
                >
                  <div
                    class="bg-green-500 css-tsujdb"
                  />
                  <div
                    class="css-rx8plc"
                  >
                    A
                  </div>
                </div>
                <div
                  style="position: absolute; left: 37.5%; top: 50%;"
                >
                  <div
                    class="bg-lime-500 css-1lvmgf3"
                  />
                  <div
                    class="css-rx8plc"
                  >
                    B
                  </div>
                </div>
                <div
                  style="position: absolute; left: 50%; top: 50%;"
                >
                  <div
                    class="bg-yellow-500 css-1tqf926"
                  />
                  <div
                    class="css-rx8plc"
                  >
                    C
                  </div>
                </div>
                <div
                  style="position: absolute; left: 62.5%; top: 50%;"
                >
                  <div
                    class="bg-amber-500 css-1dfhn4m"
                  />
                  <div
                    class="css-rx8plc"
                  >
                    D
                  </div>
                </div>
                <div
                  style="position: absolute; left: 75%; top: 50%;"
                >
                  <div
                    class="bg-orange-500 css-12ueco"
                  />
                  <div
                    class="css-rx8plc"
                  >
                    E
                  </div>
                </div>
                <div
                  style="position: absolute; left: 87.5%; top: 50%;"
                >
                  <div
                    class="bg-red-500 css-1ksflql"
                  />
                  <div
                    class="css-rx8plc"
                  >
                    F
                  </div>
                </div>
                <div
                  style="position: absolute; left: 100%; top: 50%;"
                >
                  <div
                    class="bg-red-700 css-eb9nog"
                  />
                  <div
                    class="css-rx8plc"
                  >
                    G
                  </div>
                </div>
              </div>
              <div
                class="css-14pv6h1"
                style="left: 100%;"
              />
            </div>
          </div>
        </div>
      </fieldset>
    </div>
  </div>
</div>
`;
