# serializer version: 1
# name: test_lint_command
  '🔀 Rules'
# ---
# name: test_run_command
  '''
  ╭─ ▶ Request (harp.http.requests.HttpRequest) ─────────────────────────────────╮
  │ GET /hostname HTTP/1.1                                                       │
  ╰──────────────────────────────────────────────────────────────────────────────╯
  ╭─ ◀ Proxy Response (harp.http.responses.HttpResponse) ────────────────────────╮
  │ HTTP/1.1 200 OK                                                              │
  │ access-control-allow-credentials: true                                       │
  │ access-control-allow-origin: *                                               │
  │ content-type: application/json; charset=utf-8                                │
  │ {                                                                            │
  │   "hostname": "go-httpbin"                                                   │
  │ }                                                                            │
  ╰──────────────────────────────────────────────────────────────────────────────╯
  '''
# ---
