// Vitest Snapshot v1, https://vitest.dev/guide/snapshot.html

exports[`SystemPage > renders when the query is successful 1`] = `
<div>
  <nav
    aria-label="Tabs"
    aria-orientation="horizontal"
    class="css-tvjki7"
    role="tablist"
  >
    <button
      aria-controls="headlessui-tabs-panel-:r3:"
      aria-selected="true"
      class="focus:ring-0 focus:ring-offset-0 focus:outline-none"
      data-headlessui-state="selected"
      id="headlessui-tabs-tab-:r0:"
      role="tab"
      tabindex="0"
      type="button"
    >
      <span
        class="css-7lc9z"
      >
        <svg
          aria-hidden="true"
          class="h-4 inline-block mr-1 align-text-bottom"
          data-slot="icon"
          fill="none"
          stroke="currentColor"
          stroke-width="1.5"
          viewBox="0 0 24 24"
          xmlns="http://www.w3.org/2000/svg"
        >
          <path
            d="M13.5 4.5 21 12m0 0-7.5 7.5M21 12H3"
            stroke-linecap="round"
            stroke-linejoin="round"
          />
        </svg>
        Request
      </span>
    </button>
    <button
      aria-controls="headlessui-tabs-panel-:r4:"
      aria-selected="false"
      class="focus:ring-0 focus:ring-offset-0 focus:outline-none"
      data-headlessui-state=""
      id="headlessui-tabs-tab-:r1:"
      role="tab"
      tabindex="-1"
      type="button"
    >
      <span
        class="css-gebh7q"
      >
        <svg
          aria-hidden="true"
          class="h-4 inline-block mr-1 align-text-bottom"
          data-slot="icon"
          fill="none"
          stroke="currentColor"
          stroke-width="1.5"
          viewBox="0 0 24 24"
          xmlns="http://www.w3.org/2000/svg"
        >
          <path
            d="M10.5 19.5 3 12m0 0 7.5-7.5M3 12h18"
            stroke-linecap="round"
            stroke-linejoin="round"
          />
        </svg>
        Response
      </span>
    </button>
    <button
      aria-controls="headlessui-tabs-panel-:r5:"
      aria-selected="false"
      class="focus:ring-0 focus:ring-offset-0 focus:outline-none"
      data-headlessui-state=""
      id="headlessui-tabs-tab-:r2:"
      role="tab"
      tabindex="-1"
      type="button"
    >
      <span
        class="css-gebh7q"
      >
        <svg
          aria-hidden="true"
          class="h-4 inline-block mr-1 align-text-bottom"
          data-slot="icon"
          fill="none"
          stroke="currentColor"
          stroke-width="1.5"
          viewBox="0 0 24 24"
          xmlns="http://www.w3.org/2000/svg"
        >
          <path
            d="m6.75 7.5 3 2.25-3 2.25m4.5 0h3m-9 8.25h13.5A2.25 2.25 0 0 0 21 18V6a2.25 2.25 0 0 0-2.25-2.25H5.25A2.25 2.25 0 0 0 3 6v12a2.25 2.25 0 0 0 2.25 2.25Z"
            stroke-linecap="round"
            stroke-linejoin="round"
          />
        </svg>
        Raw
      </span>
    </button>
  </nav>
  <div
    class="css-ii4d2e"
  >
    <div
      aria-labelledby="headlessui-tabs-tab-:r0:"
      class="css-hu3rmt"
      data-headlessui-state="selected"
      id="headlessui-tabs-panel-:r3:"
      role="tabpanel"
      tabindex="0"
    >
      <h2
        class="css-13yts7e"
      >
        <span
          class="inline-flex ml-4 css-10tyzev"
        >
          <div
            class="flex items-center"
          >
            <span
              class="inline-flex items-center bg-gray-50 px-1 mr-2 py-0.5 text-xs font-medium text-gray-700 ring-1 ring-inset ring-gray-600/20"
            >
              endpoint1
            </span>
            <span
              class="flex h-4 w-4 flex-shrink-0 items-center justify-center rounded-full bg-gray-100 mr-1"
            >
              <svg
                aria-hidden="true"
                class="h-3 w-3 text-gray-500"
                data-slot="icon"
                fill="none"
                stroke="currentColor"
                stroke-width="1.5"
                viewBox="0 0 24 24"
                xmlns="http://www.w3.org/2000/svg"
              >
                <path
                  d="M13.5 4.5 21 12m0 0-7.5 7.5M21 12H3"
                  stroke-linecap="round"
                  stroke-linejoin="round"
                />
              </svg>
            </span>
            <span
              class="css-pnlnkr"
              color="green"
            >
              GET
            </span>
            <span
              class="mx-1 font-mono font-normal text-gray-500 text-xs"
            >
              /
            </span>
          </div>
        </span>
      </h2>
      <div
        class="flex-none overflow-none px-1 max-w-full"
      >
        <div
          class="w-full max-w-full overflow-auto"
        >
          <h4
            class="css-sfmqnk"
          >
            Headers
          </h4>
          <table
            class="divide-y divide-gray-100 border mb-4"
          >
            <tbody>
              <tr>
                <td
                  class="px-2 py1"
                >
                  host
                </td>
                <td
                  class="px-2 py1"
                >
                   localhost
                </td>
              </tr>
              <tr>
                <td
                  class="px-2 py1"
                >
                   accept-encoding
                </td>
                <td
                  class="px-2 py1"
                >
                   identity
                </td>
              </tr>
            </tbody>
          </table>
          <h4
            class="css-sfmqnk"
          >
            Body 
            (application/json)
          </h4>
          <pre
            class="w-fit overflow-x-auto text-black language-javascript max-w-full text-xs"
            style="color: rgb(57, 58, 52); font-family: "Consolas", "Bitstream Vera Sans Mono", "Courier New", Courier, monospace; direction: ltr; text-align: left; white-space: pre; word-spacing: normal; word-break: normal; font-size: .9em; line-height: 1.2em; tab-size: 4; hyphens: none; padding: 0px; margin: .5em 0px; overflow: auto; border: 0px; background-color: white;"
          >
            <code
              class="language-javascript"
              style="color: rgb(57, 58, 52); font-family: "Consolas", "Bitstream Vera Sans Mono", "Courier New", Courier, monospace; direction: ltr; text-align: left; white-space: pre; word-spacing: normal; word-break: normal; font-size: .9em; line-height: 1.2em; tab-size: 4; hyphens: none;"
            >
              <span>
                body1
              </span>
            </code>
          </pre>
        </div>
      </div>
    </div>
    <span
      aria-labelledby="headlessui-tabs-tab-:r1:"
      id="headlessui-tabs-panel-:r4:"
      role="tabpanel"
      style="position: fixed; top: 1px; left: 1px; width: 1px; height: 0px; padding: 0px; margin: -1px; overflow: hidden; clip: rect(0px, 0px, 0px, 0px); white-space: nowrap; border-width: 0px;"
      tabindex="-1"
    />
    <span
      aria-labelledby="headlessui-tabs-tab-:r2:"
      id="headlessui-tabs-panel-:r5:"
      role="tabpanel"
      style="position: fixed; top: 1px; left: 1px; width: 1px; height: 0px; padding: 0px; margin: -1px; overflow: hidden; clip: rect(0px, 0px, 0px, 0px); white-space: nowrap; border-width: 0px;"
      tabindex="-1"
    />
  </div>
</div>
`;
