// Vitest Snapshot v1, https://vitest.dev/guide/snapshot.html

exports[`Radio > renders correctly 1`] = `
<div>
  <div
    class="flex items-center gap-x-3 "
  >
    <input
      class="h-4 w-4 border-gray-300 text-indigo-600 focus:ring-indigo-600"
      id="push-everything"
      name="push-notifications"
      type="radio"
    />
    <label
      class="block text-sm font-medium leading-6 text-gray-900"
      for="push-everything"
    >
      test-radio
    </label>
  </div>
</div>
`;
